c:\dev\3d-rendering-project\3d-rendering-project\x64\release\3d-rendering-project.pch
c:\dev\3d-rendering-project\3d-rendering-project\x64\release\vc143.pdb
c:\dev\3d-rendering-project\3d-rendering-project\x64\release\pch.obj
c:\dev\3d-rendering-project\3d-rendering-project\x64\release\stb_image.obj
c:\dev\3d-rendering-project\3d-rendering-project\x64\release\vertexarray.obj
c:\dev\3d-rendering-project\3d-rendering-project\x64\release\texture.obj
c:\dev\3d-rendering-project\3d-rendering-project\x64\release\triangle.obj
c:\dev\3d-rendering-project\3d-rendering-project\x64\release\square.obj
c:\dev\3d-rendering-project\3d-rendering-project\x64\release\plane.obj
c:\dev\3d-rendering-project\3d-rendering-project\x64\release\grid.obj
c:\dev\3d-rendering-project\3d-rendering-project\x64\release\cube.obj
c:\dev\3d-rendering-project\3d-rendering-project\x64\release\shader.obj
c:\dev\3d-rendering-project\3d-rendering-project\x64\release\renderer.obj
c:\dev\3d-rendering-project\3d-rendering-project\x64\release\mesh.obj
c:\dev\3d-rendering-project\3d-rendering-project\x64\release\camera.obj
c:\dev\3d-rendering-project\3d-rendering-project\x64\release\buffer.obj
c:\dev\3d-rendering-project\3d-rendering-project\x64\release\3d-rendering-project.obj
c:\dev\3d-rendering-project\3d-rendering-project\x64\release\light.obj
c:\dev\3d-rendering-project\x64\release\3d-rendering-project.exe
c:\dev\3d-rendering-project\x64\release\3d-rendering-project.pdb
c:\dev\3d-rendering-project\3d-rendering-project\x64\release\3d-rendering-project.ipdb
c:\dev\3d-rendering-project\3d-rendering-project\x64\release\3d-rendering-project.iobj
c:\dev\3d-rendering-project\3d-rendering-project\x64\release\3d-rende.cf7d744c.tlog\cl.command.1.tlog
c:\dev\3d-rendering-project\3d-rendering-project\x64\release\3d-rende.cf7d744c.tlog\cl.items.tlog
c:\dev\3d-rendering-project\3d-rendering-project\x64\release\3d-rende.cf7d744c.tlog\cl.read.1.tlog
c:\dev\3d-rendering-project\3d-rendering-project\x64\release\3d-rende.cf7d744c.tlog\cl.write.1.tlog
c:\dev\3d-rendering-project\3d-rendering-project\x64\release\3d-rende.cf7d744c.tlog\link.command.1.tlog
c:\dev\3d-rendering-project\3d-rendering-project\x64\release\3d-rende.cf7d744c.tlog\link.read.1.tlog
c:\dev\3d-rendering-project\3d-rendering-project\x64\release\3d-rende.cf7d744c.tlog\link.secondary.1.tlog
c:\dev\3d-rendering-project\3d-rendering-project\x64\release\3d-rende.cf7d744c.tlog\link.write.1.tlog
